
Cell INVX1 disconnected node: A
Cell INVX1 disconnected node: gnd
Cell INVX1 disconnected node: Y
Cell INVX1 disconnected node: vdd

Subcircuit pins:
Circuit 1: INVX1                           |Circuit 2: INVX1                           
-------------------------------------------|-------------------------------------------
A                                          |A                                          
gnd                                        |gnd                                        
Y                                          |Y                                          
vdd                                        |vdd                                        
---------------------------------------------------------------------------------------
Cell pin lists are equivalent.
Device classes INVX1 and INVX1 are equivalent.

Cell NOR2X1 disconnected node: A
Cell NOR2X1 disconnected node: B
Cell NOR2X1 disconnected node: gnd
Cell NOR2X1 disconnected node: Y
Cell NOR2X1 disconnected node: vdd

Subcircuit pins:
Circuit 1: NOR2X1                          |Circuit 2: NOR2X1                          
-------------------------------------------|-------------------------------------------
A                                          |A                                          
B                                          |B                                          
gnd                                        |gnd                                        
Y                                          |Y                                          
vdd                                        |vdd                                        
---------------------------------------------------------------------------------------
Cell pin lists are equivalent.
Device classes NOR2X1 and NOR2X1 are equivalent.

Cell AND2X2 disconnected node: A
Cell AND2X2 disconnected node: B
Cell AND2X2 disconnected node: gnd
Cell AND2X2 disconnected node: Y
Cell AND2X2 disconnected node: vdd

Subcircuit pins:
Circuit 1: AND2X2                          |Circuit 2: AND2X2                          
-------------------------------------------|-------------------------------------------
A                                          |A                                          
B                                          |B                                          
gnd                                        |gnd                                        
Y                                          |Y                                          
vdd                                        |vdd                                        
---------------------------------------------------------------------------------------
Cell pin lists are equivalent.
Device classes AND2X2 and AND2X2 are equivalent.

Cell OAI21X1 disconnected node: A
Cell OAI21X1 disconnected node: B
Cell OAI21X1 disconnected node: C
Cell OAI21X1 disconnected node: gnd
Cell OAI21X1 disconnected node: Y
Cell OAI21X1 disconnected node: vdd

Subcircuit pins:
Circuit 1: OAI21X1                         |Circuit 2: OAI21X1                         
-------------------------------------------|-------------------------------------------
A                                          |A                                          
B                                          |B                                          
C                                          |C                                          
gnd                                        |gnd                                        
Y                                          |Y                                          
vdd                                        |vdd                                        
---------------------------------------------------------------------------------------
Cell pin lists are equivalent.
Device classes OAI21X1 and OAI21X1 are equivalent.

Cell NAND2X1 disconnected node: A
Cell NAND2X1 disconnected node: B
Cell NAND2X1 disconnected node: gnd
Cell NAND2X1 disconnected node: Y
Cell NAND2X1 disconnected node: vdd

Subcircuit pins:
Circuit 1: NAND2X1                         |Circuit 2: NAND2X1                         
-------------------------------------------|-------------------------------------------
A                                          |A                                          
B                                          |B                                          
gnd                                        |gnd                                        
Y                                          |Y                                          
vdd                                        |vdd                                        
---------------------------------------------------------------------------------------
Cell pin lists are equivalent.
Device classes NAND2X1 and NAND2X1 are equivalent.

Cell OR2X2 disconnected node: A
Cell OR2X2 disconnected node: B
Cell OR2X2 disconnected node: gnd
Cell OR2X2 disconnected node: Y
Cell OR2X2 disconnected node: vdd

Subcircuit pins:
Circuit 1: OR2X2                           |Circuit 2: OR2X2                           
-------------------------------------------|-------------------------------------------
A                                          |A                                          
B                                          |B                                          
gnd                                        |gnd                                        
Y                                          |Y                                          
vdd                                        |vdd                                        
---------------------------------------------------------------------------------------
Cell pin lists are equivalent.
Device classes OR2X2 and OR2X2 are equivalent.

Cell NAND3X1 disconnected node: A
Cell NAND3X1 disconnected node: B
Cell NAND3X1 disconnected node: C
Cell NAND3X1 disconnected node: gnd
Cell NAND3X1 disconnected node: Y
Cell NAND3X1 disconnected node: vdd

Subcircuit pins:
Circuit 1: NAND3X1                         |Circuit 2: NAND3X1                         
-------------------------------------------|-------------------------------------------
A                                          |A                                          
B                                          |B                                          
C                                          |C                                          
gnd                                        |gnd                                        
Y                                          |Y                                          
vdd                                        |vdd                                        
---------------------------------------------------------------------------------------
Cell pin lists are equivalent.
Device classes NAND3X1 and NAND3X1 are equivalent.

Cell OAI22X1 disconnected node: A
Cell OAI22X1 disconnected node: B
Cell OAI22X1 disconnected node: C
Cell OAI22X1 disconnected node: D
Cell OAI22X1 disconnected node: gnd
Cell OAI22X1 disconnected node: Y
Cell OAI22X1 disconnected node: vdd

Subcircuit pins:
Circuit 1: OAI22X1                         |Circuit 2: OAI22X1                         
-------------------------------------------|-------------------------------------------
A                                          |A                                          
B                                          |B                                          
C                                          |C                                          
D                                          |D                                          
gnd                                        |gnd                                        
Y                                          |Y                                          
vdd                                        |vdd                                        
---------------------------------------------------------------------------------------
Cell pin lists are equivalent.
Device classes OAI22X1 and OAI22X1 are equivalent.

Cell AOI21X1 disconnected node: A
Cell AOI21X1 disconnected node: B
Cell AOI21X1 disconnected node: C
Cell AOI21X1 disconnected node: gnd
Cell AOI21X1 disconnected node: Y
Cell AOI21X1 disconnected node: vdd

Subcircuit pins:
Circuit 1: AOI21X1                         |Circuit 2: AOI21X1                         
-------------------------------------------|-------------------------------------------
A                                          |A                                          
B                                          |B                                          
C                                          |C                                          
gnd                                        |gnd                                        
Y                                          |Y                                          
vdd                                        |vdd                                        
---------------------------------------------------------------------------------------
Cell pin lists are equivalent.
Device classes AOI21X1 and AOI21X1 are equivalent.

Cell AOI22X1 disconnected node: A
Cell AOI22X1 disconnected node: B
Cell AOI22X1 disconnected node: C
Cell AOI22X1 disconnected node: D
Cell AOI22X1 disconnected node: gnd
Cell AOI22X1 disconnected node: Y
Cell AOI22X1 disconnected node: vdd

Subcircuit pins:
Circuit 1: AOI22X1                         |Circuit 2: AOI22X1                         
-------------------------------------------|-------------------------------------------
A                                          |A                                          
B                                          |B                                          
C                                          |C                                          
D                                          |D                                          
gnd                                        |gnd                                        
Y                                          |Y                                          
vdd                                        |vdd                                        
---------------------------------------------------------------------------------------
Cell pin lists are equivalent.
Device classes AOI22X1 and AOI22X1 are equivalent.

Cell INVX2 disconnected node: A
Cell INVX2 disconnected node: gnd
Cell INVX2 disconnected node: Y
Cell INVX2 disconnected node: vdd

Subcircuit pins:
Circuit 1: INVX2                           |Circuit 2: INVX2                           
-------------------------------------------|-------------------------------------------
A                                          |A                                          
gnd                                        |gnd                                        
Y                                          |Y                                          
vdd                                        |vdd                                        
---------------------------------------------------------------------------------------
Cell pin lists are equivalent.
Device classes INVX2 and INVX2 are equivalent.

Cell XNOR2X1 disconnected node: A
Cell XNOR2X1 disconnected node: B
Cell XNOR2X1 disconnected node: gnd
Cell XNOR2X1 disconnected node: Y
Cell XNOR2X1 disconnected node: vdd

Subcircuit pins:
Circuit 1: XNOR2X1                         |Circuit 2: XNOR2X1                         
-------------------------------------------|-------------------------------------------
A                                          |A                                          
B                                          |B                                          
gnd                                        |gnd                                        
Y                                          |Y                                          
vdd                                        |vdd                                        
---------------------------------------------------------------------------------------
Cell pin lists are equivalent.
Device classes XNOR2X1 and XNOR2X1 are equivalent.

Cell NOR3X1 disconnected node: A
Cell NOR3X1 disconnected node: B
Cell NOR3X1 disconnected node: C
Cell NOR3X1 disconnected node: gnd
Cell NOR3X1 disconnected node: Y
Cell NOR3X1 disconnected node: vdd

Subcircuit pins:
Circuit 1: NOR3X1                          |Circuit 2: NOR3X1                          
-------------------------------------------|-------------------------------------------
A                                          |A                                          
B                                          |B                                          
C                                          |C                                          
gnd                                        |gnd                                        
Y                                          |Y                                          
vdd                                        |vdd                                        
---------------------------------------------------------------------------------------
Cell pin lists are equivalent.
Device classes NOR3X1 and NOR3X1 are equivalent.

Cell BUFX2 disconnected node: A
Cell BUFX2 disconnected node: gnd
Cell BUFX2 disconnected node: Y
Cell BUFX2 disconnected node: vdd

Subcircuit pins:
Circuit 1: BUFX2                           |Circuit 2: BUFX2                           
-------------------------------------------|-------------------------------------------
A                                          |A                                          
gnd                                        |gnd                                        
Y                                          |Y                                          
vdd                                        |vdd                                        
---------------------------------------------------------------------------------------
Cell pin lists are equivalent.
Device classes BUFX2 and BUFX2 are equivalent.

Subcircuit summary:
Circuit 1: alu_4bit                        |Circuit 2: alu_4bit                        
-------------------------------------------|-------------------------------------------
NAND2X1 (21)                               |NAND2X1 (21)                               
OAI22X1 (3)                                |OAI22X1 (3)                                
OAI21X1 (22)                               |OAI21X1 (22)                               
INVX1 (22)                                 |INVX1 (22)                                 
AOI22X1 (3)                                |AOI22X1 (3)                                
NOR3X1 (1)                                 |NOR3X1 (1)                                 
NAND3X1 (17)                               |NAND3X1 (17)                               
BUFX2 (6)                                  |BUFX2 (6)                                  
INVX2 (1)                                  |INVX2 (1)                                  
AOI21X1 (17)                               |AOI21X1 (17)                               
NOR2X1 (17)                                |NOR2X1 (17)                                
XNOR2X1 (1)                                |XNOR2X1 (1)                                
AND2X2 (3)                                 |AND2X2 (3)                                 
OR2X2 (3)                                  |OR2X2 (3)                                  
Number of devices: 137                     |Number of devices: 137                     
Number of nets: 151                        |Number of nets: 151                        
---------------------------------------------------------------------------------------
Circuits match uniquely.
Netlists match uniquely.

Subcircuit pins:
Circuit 1: alu_4bit                        |Circuit 2: alu_4bit                        
-------------------------------------------|-------------------------------------------
Y[3]                                       |Y[3]                                       
Y[0]                                       |Y[0]                                       
Zero                                       |Zero                                       
Y[2]                                       |Y[2]                                       
Y[1]                                       |Y[1]                                       
Cout                                       |Cout                                       
A[0]                                       |A[0]                                       
A[3]                                       |A[3]                                       
A[1]                                       |A[1]                                       
B[0]                                       |B[0]                                       
ALU_Sel[1]                                 |ALU_Sel[1]                                 
ALU_Sel[0]                                 |ALU_Sel[0]                                 
B[1]                                       |B[1]                                       
ALU_Sel[2]                                 |ALU_Sel[2]                                 
A[2]                                       |A[2]                                       
vdd                                        |vdd                                        
gnd                                        |gnd                                        
Cin                                        |Cin                                        
B[2]                                       |B[2]                                       
B[3]                                       |B[3]                                       
---------------------------------------------------------------------------------------
Cell pin lists are equivalent.
Device classes alu_4bit and alu_4bit are equivalent.
Circuits match uniquely.
