Qflow placement logfile created on Saturday 22 August 2026 11:18:51 PM IST
Running blif2cel to generate input files for graywolf
blif2cel.tcl --blif /home/praseed/4bit_ALU_PD/physical_design/qflow/source/alu_4bit.blif  --lef  /usr/share/qflow/tech/osu035/osu035_stdcells.lef --cel /home/praseed/4bit_ALU_PD/physical_design/qflow/layout/alu_4bit.cel 
Opened BLIF file (/home/praseed/4bit_ALU_PD/physical_design/qflow/source/alu_4bit.blif) for reading ...
Opened CEL file (/home/praseed/4bit_ALU_PD/physical_design/qflow/layout/alu_4bit.cel) for writing...
Loaded /usr/share/qflow/tech/osu035/osu035_stdcells.lef file for reading...
1st pass of blif file /home/praseed/4bit_ALU_PD/physical_design/qflow/source/alu_4bit.blif. . .
Reading macros and/or technology data from LEF file. . .
LEF file specifies route layer Y pitch as 2
LEF file specifies route layer X pitch as 1.6
Parsing macro AND2X2
Parsing macro AOI21X1
Parsing macro AOI22X1
Parsing macro BUFX2
Parsing macro NOR3X1
Parsing macro INVX1
Parsing macro INVX2
Parsing macro NAND2X1
Parsing macro NAND3X1
Parsing macro NOR2X1
Parsing macro OAI21X1
Parsing macro OAI22X1
Parsing macro OR2X2
Parsing macro XNOR2X1
2nd pass of blif file. . .
3rd pass of blif file. . .
Done!
No alu_4bit.cel1 file found for project. . . no partial blockages to apply to layout.
No alu_4bit.cel2 file found for project. . . continuing without pin placement hints
Running GrayWolf placement
graywolf  alu_4bit

twflow version:2.1 date:Mon May 25 21:15:08 EDT 1992
Authors: Bill Swartz, Carl Sechen
         Yale University

syntax version:v1.1 date:Mon May 25 21:11:10 EDT 1992
TimberWolf System Syntax Checker
Authors: Carl Sechen, Kai-Win Lee, Bill Swartz,
         Dahe Chen, and Jimmy Lam
         Yale University

Read   50 objects so far...
Read  100 objects so far...
Read  150 objects so far...
No syntax errors were found

syntax terminated normally with no errors and 0 warning[s]


----------------------------
Total stdcells     :137
Total cell width   :7.54e+04
Total cell height  :2.74e+05
Total cell area    :1.51e+08
Total core area    :1.51e+08
Average cell height:2.00e+03


nocut - replacement for Mincut version:v1.0 date:Mon May 25 21:09:40 EDT 1992
TimberWolf System Floorplan Setup Program
Authors: Carl Sechen, Bill Swartz,
         Yale University

Read   50 objects so far...
Read  100 objects so far...
Read  150 objects so far...
Splitting alu_4bit.cel into alu_4bit.scel and alu_4bit.mcel...
	done!


nocut - replacement for Mincut terminated normally with no errors and 0 warning[s]


TimberWolfMC version:v2.2 date:Mon May 25 21:18:34 EDT 1992
Authors: Carl Sechen, Bill Swartz, Kai-Win Lee
         Dahe Chen, and Jimmy Lam
         Yale University

config version:v1.0 date:Mon May 25 20:57:18 EDT 1992
Row configuration program
    Yale University


config switches:
	Graphics mode on
	config will inherit window



config terminated normally with no errors and 0 warning[s]


TimberWolfMC terminated normally with no errors and 0 warning[s]



TimberWolfSC switches:
	Graphics mode on
	TimberWolfSC will inherit window

TimberWolfSC version:v6.0 date:Mon May 25 21:19:07 EDT 1992
Row-Based Placement and Global Routing Program
Authors: Carl Sechen, Kai-Win Lee, and Bill Swartz,
         Yale University
  0 
  1   2   3   4   5   6   7   8   9  10  11  12  13  14  15 
 16  17  18  19  20  21  22  23  24  25  26  27  28  29  30 
 31  32  33  34  35  36  37  38  39  40  41  42  43  44  45 
 46  47  48  49  50  51  52  53  54  55  56  57  58  59  60 
 61  62  63  64  65  66  67  68  69  70  71  72  73  74  75 
 76  77  78  79  80  81  82  83  84  85  86  87  88  89  90 
 91  92  93  94  95  96  97  98  99 100 101 102 103 104 105 
106 107 108 109 110 111 112 113 114 115 116 117 118 119 120 
121 122 123 124 125 126 127 128 129 130 131 132 133 134 135 
136 137 138 139 140 141 142 143 144 145 146 147 148 149 150 
151 152 153 154 155 156 157 158 
 block left edge is at -399
 the longest block length is 15200
 building the steiner trees
 rebuilding the steiner tree

----start doing coarse global routing ------ 
 ITERATION  1

  longest Row is:3   Its length is:15200
 doing feed-through pins assignment
 building the net-tree now !
 set up the global routing grids
 the starting value of tracks =   43
 tracks =  40 at attempts =  1000
 tracks =  40 at attempts =  2000
 tracks =  40 at attempts =  3000
 removing redundant feed-through pins
 the connectivity of all the nets is verified

 block left edge is at -399
 the longest block length is 15200
 building the steiner trees
 rebuilding the steiner tree

----start doing coarse global routing ------ 
 ITERATION  1

  longest Row is:3   Its length is:15200
 doing feed-through pins assignment
 building the net-tree now !
 set up the global routing grids
 the starting value of tracks =   44
 tracks =  41 at attempts =  1000
 tracks =  41 at attempts =  2000
 tracks =  41 at attempts =  3000
 removing redundant feed-through pins
 the connectivity of all the nets is verified

 block left edge is at -399
 the longest block length is 15200
 building the steiner trees
 rebuilding the steiner tree

----start doing coarse global routing ------ 
 ITERATION  1

  longest Row is:3   Its length is:15200
 doing feed-through pins assignment
 building the net-tree now !
 set up the global routing grids
 the starting value of tracks =   45
 tracks =  39 at attempts =  1000
 tracks =  39 at attempts =  2000
 tracks =  39 at attempts =  3000
 removing redundant feed-through pins
 the connectivity of all the nets is verified

 block left edge is at -399
 the longest block length is 15200
 building the steiner trees
 rebuilding the steiner tree

----start doing coarse global routing ------ 
 ITERATION  1

  longest Row is:3   Its length is:15200
 doing feed-through pins assignment
 building the net-tree now !
 set up the global routing grids
 the starting value of tracks =   48
 tracks =  48 at attempts =  1000
 tracks =  48 at attempts =  2000
 tracks =  48 at attempts =  3000
 removing redundant feed-through pins
 the connectivity of all the nets is verified

 block left edge is at -399
 the longest block length is 15200
 building the steiner trees
 rebuilding the steiner tree

----start doing coarse global routing ------ 
 ITERATION  1

  longest Row is:3   Its length is:15200
 doing feed-through pins assignment
 building the net-tree now !
 set up the global routing grids
 the starting value of tracks =   40
 tracks =  38 at attempts =  1000
 tracks =  38 at attempts =  2000
 tracks =  38 at attempts =  3000
 removing redundant feed-through pins
 the connectivity of all the nets is verified

 block left edge is at -399
 the longest block length is 15200
 building the steiner trees
 rebuilding the steiner tree

----start doing coarse global routing ------ 
 ITERATION  1

  longest Row is:3   Its length is:15200
 doing feed-through pins assignment
 building the net-tree now !
 set up the global routing grids
 the starting value of tracks =   46
 tracks =  40 at attempts =  1000
 tracks =  40 at attempts =  2000
 tracks =  40 at attempts =  3000
 removing redundant feed-through pins
 the connectivity of all the nets is verified

 block left edge is at -399
 the longest block length is 15200
 building the steiner trees
 rebuilding the steiner tree

----start doing coarse global routing ------ 
 ITERATION  1

  longest Row is:3   Its length is:15200
 doing feed-through pins assignment
 building the net-tree now !
 set up the global routing grids
 the starting value of tracks =   43
 tracks =  39 at attempts =  1000
 tracks =  39 at attempts =  2000
 tracks =  39 at attempts =  3000
 removing redundant feed-through pins
 the connectivity of all the nets is verified

 block left edge is at -399
 the longest block length is 15200
 building the steiner trees
 rebuilding the steiner tree

----start doing coarse global routing ------ 
 ITERATION  1

  longest Row is:3   Its length is:15200
 doing feed-through pins assignment
 building the net-tree now !
 set up the global routing grids
 the starting value of tracks =   45
 tracks =  45 at attempts =  1000
 tracks =  45 at attempts =  2000
 tracks =  45 at attempts =  3000
 removing redundant feed-through pins
 the connectivity of all the nets is verified


***********************************************
*ACTUAL* FINAL NUMBER OF ROUTING TRACKS: 38
***********************************************


TimberWolfSC terminated normally with no errors and 0 warning[s]


twflow terminated normally with no errors and 0 warning[s]

Running getfillcell to determine cell to use for fill.
getfillcell.tcl alu_4bit  /usr/share/qflow/tech/osu035/osu035_stdcells.lef FILL
Using cell FILL for fill
Running place2def to translate graywolf output to DEF format.
place2def.tcl alu_4bit FILL 
Running place2def.tcl
DEF database: 100 units per micron
Limits: xbot = -750.0 ybot = -530.0 xtop = 15150.0 ytop = 10130.0
Core values: 80.0 100 15280.0 10100
Offsets: 80.0 100
4 routing layers
metal1: 55 vertical tracks from -4um with 2um pitch
metal2: 102 vertical tracks from -3.2um with 1.6um pitch
metal3: 55 vertical tracks from -4um with 2um pitch
metal4: 51 vertical tracks from -3.2um with 3.2um pitch
Summary: Total components = 137
  Fill cells  = 0
  Other cells = 137
Done with place2def.tcl
Running addspacers to generate power stripes and align cell right edge
addspacers.tcl  -stripe 5 150 PG alu_4bit  /usr/share/qflow/tech/osu035/osu035_stdcells.lef FILL
Reading FILL macros from LEF file.
Reading DEF file alu_4bit.def. . .
Number of rows is 5
Longest row has width 152.8 um
addspacers:  No room for stripes, pitch reduced from 14880.0 to 6496.0.
addspacers:  Inserting 2 stripes of width 4.8 um (5 um requested)
  Pitch 64.96 um, offset 43.2 um
stretch:  Number of components is 171
Analysis of DEF file:
Number of components = 137
New number of components = 171
Number of rows = 5
Adjusting obstructions for power striping
Done with addspacers.tcl
Running arrangepins to adjust pin positions for optimal routing.
arrangepins.tcl  alu_4bit
Reading info file alu_4bit.info. . .
Reading DEF file alu_4bit.def. . .
Recalculating pin positions
Writing DEF file alu_4bit_mod.def. . .
Done with arrangepins.tcl
blifanno.tcl /home/praseed/4bit_ALU_PD/physical_design/qflow/source/alu_4bit.blif alu_4bit.def /home/praseed/4bit_ALU_PD/physical_design/qflow/source/alu_4bit_anno.blif
Running blifanno.tcl
Reading DEF file alu_4bit.def. . .
Done with blifanno.tcl

Generating RTL verilog and SPICE netlist file in directory
   /home/praseed/4bit_ALU_PD/physical_design/qflow/source
Files:
   Verilog: /home/praseed/4bit_ALU_PD/physical_design/qflow/source/alu_4bit.rtl.v
   Verilog: /home/praseed/4bit_ALU_PD/physical_design/qflow/source/alu_4bit.rtlnopwr.v
   Verilog: /home/praseed/4bit_ALU_PD/physical_design/qflow/source/alu_4bit.rtlbb.v
   Spice:   /home/praseed/4bit_ALU_PD/physical_design/qflow/source/alu_4bit.spc

Running blif2Verilog.
Running blif2BSpice.
Placement script ended on Saturday 22 August 2026 11:18:53 PM IST
