Qflow route logfile created on Saturday 22 August 2026 11:24:09 PM IST
qrouter -nog  -s alu_4bit.cfg
Qrouter detail maze router version 1.4.71.T
Reading LEF data from file /usr/share/qflow/tech/osu035/osu035_stdcells.lef.
LEF Read, Line 135: NOTE:  Old format VIARULE ignored.
LEF Read, Line 136: NOTE:  Old format VIARULE ignored.
LEF Read, Line 140: NOTE:  Old format VIARULE ignored.
LEF Read, Line 141: NOTE:  Old format VIARULE ignored.
LEF Read, Line 151: NOTE:  Old format VIARULE ignored.
LEF Read, Line 152: NOTE:  Old format VIARULE ignored.
LEF Read, Line 156: NOTE:  Old format VIARULE ignored.
LEF Read, Line 157: NOTE:  Old format VIARULE ignored.
LEF Read, Line 167: NOTE:  Old format VIARULE ignored.
LEF Read, Line 168: NOTE:  Old format VIARULE ignored.
LEF Read, Line 172: NOTE:  Old format VIARULE ignored.
LEF Read, Line 173: NOTE:  Old format VIARULE ignored.
LEF file:  Defines site corner (ignored)
LEF file:  Defines site IO (ignored)
LEF file:  Defines site core (ignored)
LEF read: Processed 3179 lines.
LEF Read: encountered 0 errors and 12 warnings total.
Vertical route layer at non-minimum pitch 3.2.  Using smaller pitch 1.6, will route on 1-of-2 tracks for layer metal4.
Reading DEF data from file alu_4bit.def.
Diagnostic: Design name: "alu_4bit"
  Processed 3 vias total.
  Processed 171 subcell instances total.
  Processed 20 pins total.
  Processed 149 nets total (0 fixed).
  Processed 2 special nets total (4 fixed).
DEF read: Processed 932 lines.
Output scale = microns / 100, precision 1
No antenna cell defined!
There are 151 nets in this design.
*** Running stage1 routing with defaults
Finished routing net A[1]
Nets remaining: 150
Finished routing net A[0]
Nets remaining: 149
Finished routing net ALU_Sel[2]
Nets remaining: 148
Finished routing net A[2]
Nets remaining: 147
Finished routing net A[3]
Nets remaining: 146
Finished routing net B[0]
Nets remaining: 145
Finished routing net ALU_Sel[1]
Nets remaining: 144
Finished routing net ALU_Sel[0]
Nets remaining: 143
Finished routing net B[1]
Nets remaining: 142
Finished routing net _53_
Nets remaining: 141
Finished routing net _104_
Nets remaining: 140
Finished routing net _47_
Nets remaining: 139
Finished routing net _48_
Nets remaining: 138
Finished routing net _68_
Nets remaining: 137
Finished routing net _69_
Nets remaining: 136
Finished routing net _75_
Nets remaining: 135
Finished routing net _77_
Nets remaining: 134
Finished routing net _99_
Nets remaining: 133
Finished routing net _114_
Nets remaining: 132
Finished routing net _11_
Nets remaining: 131
Finished routing net _12_
Nets remaining: 130
Finished routing net Cin
Nets remaining: 129
Finished routing net _50_
Nets remaining: 128
Finished routing net _51_
Nets remaining: 127
Finished routing net _60_
Nets remaining: 126
Finished routing net _62_
Nets remaining: 125
Finished routing net _66_
Nets remaining: 124
Finished routing net _76_
Nets remaining: 123
Finished routing net _78_
Nets remaining: 122
Finished routing net _91_
Nets remaining: 121
Finished routing net _95_
Nets remaining: 120
Finished routing net B[2]
Nets remaining: 119
Finished routing net _106_
Nets remaining: 118
Finished routing net _108_
Nets remaining: 117
Finished routing net _110_
Nets remaining: 116
Finished routing net _115_
Nets remaining: 115
Finished routing net _117_
Nets remaining: 114
Finished routing net _1_
Nets remaining: 113
Finished routing net B[3]
Nets remaining: 112
Finished routing net _10_
Nets remaining: 111
Finished routing net _13_
Nets remaining: 110
Finished routing net _46_
Nets remaining: 109
Finished routing net _54_
Nets remaining: 108
Finished routing net _55_
Nets remaining: 107
Finished routing net _61_
Nets remaining: 106
Finished routing net _63_
Nets remaining: 105
Finished routing net _65_
Nets remaining: 104
Finished routing net _67_
Nets remaining: 103
Finished routing net _126_[0]
Nets remaining: 102
Finished routing net _73_
Nets remaining: 101
Finished routing net _74_
Nets remaining: 100
Finished routing net _80_
Nets remaining: 99
Finished routing net _81_
Nets remaining: 98
Finished routing net _83_
Nets remaining: 97
Finished routing net _88_
Nets remaining: 96
Finished routing net _89_
Nets remaining: 95
Finished routing net _94_
Nets remaining: 94
Finished routing net _96_
Nets remaining: 93
Finished routing net _97_
Nets remaining: 92
Finished routing net _103_
Nets remaining: 91
Finished routing net _105_
Nets remaining: 90
Finished routing net _107_
Nets remaining: 89
Finished routing net _113_
Nets remaining: 88
Finished routing net _116_
Nets remaining: 87
Finished routing net _119_
Nets remaining: 86
Finished routing net _122_
Nets remaining: 85
Finished routing net _123_
Nets remaining: 84
Finished routing net _2_
Nets remaining: 83
Finished routing net _8_
Nets remaining: 82
Finished routing net _9_
Nets remaining: 81
Finished routing net _14_
Nets remaining: 80
Finished routing net _16_
Nets remaining: 79
Finished routing net _22_
Nets remaining: 78
Finished routing net _24_
Nets remaining: 77
Finished routing net _26_
Nets remaining: 76
Finished routing net _31_
Nets remaining: 75
Finished routing net _126_[3]
Nets remaining: 74
Finished routing net _49_
Nets remaining: 73
Finished routing net _52_
Nets remaining: 72
Finished routing net _56_
Nets remaining: 71
Finished routing net _57_
Nets remaining: 70
Finished routing net _58_
Nets remaining: 69
Finished routing net _59_
Nets remaining: 68
Finished routing net _64_
Nets remaining: 67
Finished routing net _70_
Nets remaining: 66
Finished routing net _71_
Nets remaining: 65
Finished routing net _72_
Nets remaining: 64
Finished routing net _79_
Nets remaining: 63
Finished routing net _82_
Nets remaining: 62
Finished routing net _84_
Nets remaining: 61
Finished routing net _85_
Nets remaining: 60
Finished routing net _86_
Nets remaining: 59
Finished routing net _87_
Nets remaining: 58
Finished routing net _90_
Nets remaining: 57
Finished routing net _92_
Nets remaining: 56
Finished routing net _93_
Nets remaining: 55
Finished routing net _98_
Nets remaining: 54
Finished routing net _100_
Nets remaining: 53
Finished routing net _101_
Nets remaining: 52
Finished routing net _102_
Nets remaining: 51
Finished routing net _126_[1]
Nets remaining: 50
Finished routing net _109_
Nets remaining: 49
Finished routing net _111_
Nets remaining: 48
Finished routing net _112_
Nets remaining: 47
Finished routing net _118_
Nets remaining: 46
Finished routing net _120_
Nets remaining: 45
Finished routing net _121_
Nets remaining: 44
Finished routing net _124_
Nets remaining: 43
Finished routing net _0_
Nets remaining: 42
Finished routing net _3_
Nets remaining: 41
Finished routing net _4_
Nets remaining: 40
Finished routing net _5_
Nets remaining: 39
Finished routing net _6_
Nets remaining: 38
Finished routing net _7_
Nets remaining: 37
Finished routing net _126_[2]
Nets remaining: 36
Finished routing net _15_
Nets remaining: 35
Finished routing net _17_
Nets remaining: 34
Finished routing net _18_
Nets remaining: 33
Finished routing net _19_
Nets remaining: 32
Finished routing net _20_
Nets remaining: 31
Finished routing net _21_
Nets remaining: 30
Finished routing net _23_
Nets remaining: 29
Finished routing net _25_
Nets remaining: 28
Finished routing net _27_
Nets remaining: 27
Finished routing net _28_
Nets remaining: 26
Finished routing net _29_
Nets remaining: 25
Finished routing net _30_
Nets remaining: 24
Finished routing net _32_
Nets remaining: 23
Finished routing net _33_
Nets remaining: 22
Finished routing net _34_
Nets remaining: 21
Finished routing net _35_
Nets remaining: 20
Finished routing net _36_
Nets remaining: 19
Finished routing net _37_
Nets remaining: 18
Finished routing net _38_
Nets remaining: 17
Finished routing net _127_
Nets remaining: 16
Finished routing net _39_
Nets remaining: 15
Finished routing net _40_
Nets remaining: 14
Finished routing net _41_
Nets remaining: 13
Finished routing net _42_
Nets remaining: 12
Finished routing net _43_
Nets remaining: 11
Finished routing net _44_
Nets remaining: 10
Finished routing net _45_
Nets remaining: 9
Finished routing net _125_
Nets remaining: 8
Finished routing net Cout
Nets remaining: 7
Finished routing net Y[0]
Nets remaining: 6
Finished routing net Y[1]
Nets remaining: 5
Finished routing net Y[2]
Nets remaining: 4
Finished routing net Y[3]
Nets remaining: 3
Finished routing net Zero
Nets remaining: 2

----------------------------------------------
Progress: Stage 1 total routes completed: 320
No failed routes!
----------------------------------------------
*** Running stage3 routing with defaults, 1st round
Finished routing net A[1]
Nets remaining: 150
Finished routing net A[0]
Nets remaining: 149
Finished routing net ALU_Sel[2]
Nets remaining: 148
Finished routing net A[2]
Nets remaining: 147
Finished routing net A[3]
Nets remaining: 146
Finished routing net B[0]
Nets remaining: 145
Finished routing net ALU_Sel[1]
Nets remaining: 144
Finished routing net ALU_Sel[0]
Nets remaining: 143
Finished routing net B[1]
Nets remaining: 142
Finished routing net _53_
Nets remaining: 141
Finished routing net _104_
Nets remaining: 140
Finished routing net _47_
Nets remaining: 139
Finished routing net _48_
Nets remaining: 138
Finished routing net _68_
Nets remaining: 137
Finished routing net _69_
Nets remaining: 136
Finished routing net _75_
Nets remaining: 135
Finished routing net _77_
Nets remaining: 134
Finished routing net _99_
Nets remaining: 133
Finished routing net _114_
Nets remaining: 132
Finished routing net _11_
Nets remaining: 131
Finished routing net _12_
Nets remaining: 130
Finished routing net Cin
Nets remaining: 129
Finished routing net _50_
Nets remaining: 128
Finished routing net _51_
Nets remaining: 127
Finished routing net _60_
Nets remaining: 126
Finished routing net _62_
Nets remaining: 125
Finished routing net _66_
Nets remaining: 124
Finished routing net _76_
Nets remaining: 123
Finished routing net _78_
Nets remaining: 122
Finished routing net _91_
Nets remaining: 121
Finished routing net _95_
Nets remaining: 120
Finished routing net B[2]
Nets remaining: 119
Finished routing net _106_
Nets remaining: 118
Finished routing net _108_
Nets remaining: 117
Finished routing net _110_
Nets remaining: 116
Finished routing net _115_
Nets remaining: 115
Finished routing net _117_
Nets remaining: 114
Finished routing net _1_
Nets remaining: 113
Finished routing net B[3]
Nets remaining: 112
Finished routing net _10_
Nets remaining: 111
Finished routing net _13_
Nets remaining: 110
Finished routing net _46_
Nets remaining: 109
Finished routing net _54_
Nets remaining: 108
Finished routing net _55_
Nets remaining: 107
Finished routing net _61_
Nets remaining: 106
Finished routing net _63_
Nets remaining: 105
Finished routing net _65_
Nets remaining: 104
Finished routing net _67_
Nets remaining: 103
Finished routing net _126_[0]
Nets remaining: 102
Keeping route for net _73_
Finished routing net _74_
Nets remaining: 100
Finished routing net _80_
Nets remaining: 99
Finished routing net _81_
Nets remaining: 98
Finished routing net _83_
Nets remaining: 97
Finished routing net _88_
Nets remaining: 96
Finished routing net _89_
Nets remaining: 95
Finished routing net _94_
Nets remaining: 94
Keeping route for net _96_
Finished routing net _97_
Nets remaining: 92
Finished routing net _103_
Nets remaining: 91
Finished routing net _105_
Nets remaining: 90
Finished routing net _107_
Nets remaining: 89
Finished routing net _113_
Nets remaining: 88
Finished routing net _116_
Nets remaining: 87
Finished routing net _119_
Nets remaining: 86
Finished routing net _122_
Nets remaining: 85
Finished routing net _123_
Nets remaining: 84
Finished routing net _2_
Nets remaining: 83
Finished routing net _8_
Nets remaining: 82
Finished routing net _9_
Nets remaining: 81
Finished routing net _14_
Nets remaining: 80
Finished routing net _16_
Nets remaining: 79
Finished routing net _22_
Nets remaining: 78
Finished routing net _24_
Nets remaining: 77
Finished routing net _26_
Nets remaining: 76
Finished routing net _31_
Nets remaining: 75
Finished routing net _126_[3]
Nets remaining: 74
Finished routing net _49_
Nets remaining: 73
Finished routing net _52_
Nets remaining: 72
Finished routing net _56_
Nets remaining: 71
Keeping route for net _57_
Finished routing net _58_
Nets remaining: 69
Keeping route for net _59_
Finished routing net _64_
Nets remaining: 67
Finished routing net _70_
Nets remaining: 66
Finished routing net _71_
Nets remaining: 65
Finished routing net _72_
Nets remaining: 64
Keeping route for net _79_
Finished routing net _82_
Nets remaining: 62
Keeping route for net _84_
Keeping route for net _85_
Finished routing net _86_
Nets remaining: 59
Finished routing net _87_
Nets remaining: 58
Finished routing net _90_
Nets remaining: 57
Finished routing net _92_
Nets remaining: 56
Finished routing net _93_
Nets remaining: 55
Finished routing net _98_
Nets remaining: 54
Finished routing net _100_
Nets remaining: 53
Keeping route for net _101_
Finished routing net _102_
Nets remaining: 51
Keeping route for net _126_[1]
Keeping route for net _109_
Keeping route for net _111_
Finished routing net _112_
Nets remaining: 47
Finished routing net _118_
Nets remaining: 46
Keeping route for net _120_
Keeping route for net _121_
Keeping route for net _124_
Keeping route for net _0_
Keeping route for net _3_
Finished routing net _4_
Nets remaining: 40
Finished routing net _5_
Nets remaining: 39
Finished routing net _6_
Nets remaining: 38
Finished routing net _7_
Nets remaining: 37
Keeping route for net _126_[2]
Keeping route for net _15_
Keeping route for net _17_
Finished routing net _18_
Nets remaining: 33
Finished routing net _19_
Nets remaining: 32
Finished routing net _20_
Nets remaining: 31
Finished routing net _21_
Nets remaining: 30
Finished routing net _23_
Nets remaining: 29
Finished routing net _25_
Nets remaining: 28
Keeping route for net _27_
Finished routing net _28_
Nets remaining: 26
Finished routing net _29_
Nets remaining: 25
Finished routing net _30_
Nets remaining: 24
Keeping route for net _32_
Finished routing net _33_
Nets remaining: 22
Finished routing net _34_
Nets remaining: 21
Finished routing net _35_
Nets remaining: 20
Keeping route for net _36_
Finished routing net _37_
Nets remaining: 18
Finished routing net _38_
Nets remaining: 17
Keeping route for net _127_
Finished routing net _39_
Nets remaining: 15
Finished routing net _40_
Nets remaining: 14
Finished routing net _41_
Nets remaining: 13
Finished routing net _42_
Nets remaining: 12
Finished routing net _43_
Nets remaining: 11
Finished routing net _44_
Nets remaining: 10
Keeping route for net _45_
Finished routing net _125_
Nets remaining: 8
Finished routing net Cout
Nets remaining: 7
Finished routing net Y[0]
Nets remaining: 6
Keeping route for net Y[1]
Keeping route for net Y[2]
Finished routing net Y[3]
Nets remaining: 3
Finished routing net Zero
Nets remaining: 2

----------------------------------------------
Progress: Stage 3 total routes completed: 612
No failed routes!
----------------------------------------------
*** Running stage3 routing with defaults, 2nd round
Finished routing net A[1]
Nets remaining: 150
Finished routing net A[0]
Nets remaining: 149
Finished routing net ALU_Sel[2]
Nets remaining: 148
Finished routing net A[2]
Nets remaining: 147
Finished routing net A[3]
Nets remaining: 146
Finished routing net B[0]
Nets remaining: 145
Finished routing net ALU_Sel[1]
Nets remaining: 144
Finished routing net ALU_Sel[0]
Nets remaining: 143
Finished routing net B[1]
Nets remaining: 142
Finished routing net _53_
Nets remaining: 141
Finished routing net _104_
Nets remaining: 140
Finished routing net _47_
Nets remaining: 139
Finished routing net _48_
Nets remaining: 138
Finished routing net _68_
Nets remaining: 137
Finished routing net _69_
Nets remaining: 136
Finished routing net _75_
Nets remaining: 135
Finished routing net _77_
Nets remaining: 134
Finished routing net _99_
Nets remaining: 133
Finished routing net _114_
Nets remaining: 132
Finished routing net _11_
Nets remaining: 131
Finished routing net _12_
Nets remaining: 130
Finished routing net Cin
Nets remaining: 129
Finished routing net _50_
Nets remaining: 128
Finished routing net _51_
Nets remaining: 127
Finished routing net _60_
Nets remaining: 126
Finished routing net _62_
Nets remaining: 125
Finished routing net _66_
Nets remaining: 124
Finished routing net _76_
Nets remaining: 123
Finished routing net _78_
Nets remaining: 122
Finished routing net _91_
Nets remaining: 121
Finished routing net _95_
Nets remaining: 120
Finished routing net B[2]
Nets remaining: 119
Finished routing net _106_
Nets remaining: 118
Finished routing net _108_
Nets remaining: 117
Finished routing net _110_
Nets remaining: 116
Finished routing net _115_
Nets remaining: 115
Finished routing net _117_
Nets remaining: 114
Finished routing net _1_
Nets remaining: 113
Finished routing net B[3]
Nets remaining: 112
Finished routing net _10_
Nets remaining: 111
Finished routing net _13_
Nets remaining: 110
Finished routing net _46_
Nets remaining: 109
Finished routing net _54_
Nets remaining: 108
Finished routing net _55_
Nets remaining: 107
Finished routing net _61_
Nets remaining: 106
Finished routing net _63_
Nets remaining: 105
Finished routing net _65_
Nets remaining: 104
Finished routing net _67_
Nets remaining: 103
Finished routing net _126_[0]
Nets remaining: 102
Keeping route for net _73_
Finished routing net _74_
Nets remaining: 100
Finished routing net _80_
Nets remaining: 99
Finished routing net _81_
Nets remaining: 98
Finished routing net _83_
Nets remaining: 97
Finished routing net _88_
Nets remaining: 96
Finished routing net _89_
Nets remaining: 95
Finished routing net _94_
Nets remaining: 94
Keeping route for net _96_
Finished routing net _97_
Nets remaining: 92
Finished routing net _103_
Nets remaining: 91
Finished routing net _105_
Nets remaining: 90
Finished routing net _107_
Nets remaining: 89
Finished routing net _113_
Nets remaining: 88
Finished routing net _116_
Nets remaining: 87
Finished routing net _119_
Nets remaining: 86
Finished routing net _122_
Nets remaining: 85
Finished routing net _123_
Nets remaining: 84
Finished routing net _2_
Nets remaining: 83
Finished routing net _8_
Nets remaining: 82
Finished routing net _9_
Nets remaining: 81
Finished routing net _14_
Nets remaining: 80
Finished routing net _16_
Nets remaining: 79
Finished routing net _22_
Nets remaining: 78
Finished routing net _24_
Nets remaining: 77
Finished routing net _26_
Nets remaining: 76
Finished routing net _31_
Nets remaining: 75
Finished routing net _126_[3]
Nets remaining: 74
Finished routing net _49_
Nets remaining: 73
Finished routing net _52_
Nets remaining: 72
Finished routing net _56_
Nets remaining: 71
Keeping route for net _57_
Finished routing net _58_
Nets remaining: 69
Keeping route for net _59_
Finished routing net _64_
Nets remaining: 67
Finished routing net _70_
Nets remaining: 66
Finished routing net _71_
Nets remaining: 65
Finished routing net _72_
Nets remaining: 64
Keeping route for net _79_
Finished routing net _82_
Nets remaining: 62
Keeping route for net _84_
Keeping route for net _85_
Finished routing net _86_
Nets remaining: 59
Finished routing net _87_
Nets remaining: 58
Finished routing net _90_
Nets remaining: 57
Finished routing net _92_
Nets remaining: 56
Finished routing net _93_
Nets remaining: 55
Finished routing net _98_
Nets remaining: 54
Finished routing net _100_
Nets remaining: 53
Keeping route for net _101_
Finished routing net _102_
Nets remaining: 51
Keeping route for net _126_[1]
Keeping route for net _109_
Keeping route for net _111_
Finished routing net _112_
Nets remaining: 47
Finished routing net _118_
Nets remaining: 46
Keeping route for net _120_
Keeping route for net _121_
Keeping route for net _124_
Keeping route for net _0_
Keeping route for net _3_
Finished routing net _4_
Nets remaining: 40
Finished routing net _5_
Nets remaining: 39
Finished routing net _6_
Nets remaining: 38
Finished routing net _7_
Nets remaining: 37
Keeping route for net _126_[2]
Keeping route for net _15_
Keeping route for net _17_
Finished routing net _18_
Nets remaining: 33
Finished routing net _19_
Nets remaining: 32
Finished routing net _20_
Nets remaining: 31
Finished routing net _21_
Nets remaining: 30
Finished routing net _23_
Nets remaining: 29
Finished routing net _25_
Nets remaining: 28
Keeping route for net _27_
Finished routing net _28_
Nets remaining: 26
Finished routing net _29_
Nets remaining: 25
Finished routing net _30_
Nets remaining: 24
Keeping route for net _32_
Finished routing net _33_
Nets remaining: 22
Finished routing net _34_
Nets remaining: 21
Finished routing net _35_
Nets remaining: 20
Keeping route for net _36_
Finished routing net _37_
Nets remaining: 18
Finished routing net _38_
Nets remaining: 17
Keeping route for net _127_
Finished routing net _39_
Nets remaining: 15
Finished routing net _40_
Nets remaining: 14
Finished routing net _41_
Nets remaining: 13
Finished routing net _42_
Nets remaining: 12
Finished routing net _43_
Nets remaining: 11
Finished routing net _44_
Nets remaining: 10
Keeping route for net _45_
Finished routing net _125_
Nets remaining: 8
Finished routing net Cout
Nets remaining: 7
Finished routing net Y[0]
Nets remaining: 6
Keeping route for net Y[1]
Keeping route for net Y[2]
Finished routing net Y[3]
Nets remaining: 3
Finished routing net Zero
Nets remaining: 2

----------------------------------------------
Progress: Stage 3 total routes completed: 904
No failed routes!
----------------------------------------------
*** Writing DEF file alu_4bit_route.def
emit_routes():  DEF file has 149 nets and 4 specialnets.
but qrouter wants to write 151 nets and specialnets.
----------------------------------------------
Final: No failed routes!
----------------------------------------------
*** Writing RC file alu_4bit_route.rc
Running annotate.tcl antenna.out /home/praseed/4bit_ALU_PD/physical_design/qflow/source/alu_4bit.rtlnopwr.v
  /home/praseed/4bit_ALU_PD/physical_design/qflow/source/alu_4bit.spc /home/praseed/4bit_ALU_PD/physical_design/qflow/source/alu_4bit.rtlnopwr.anno.v
  /home/praseed/4bit_ALU_PD/physical_design/qflow/source/alu_4bit.anno.spc  /usr/share/qflow/tech/osu035/osu035_stdcells.sp /home/praseed/4bit_ALU_PD/physical_design/qflow/source/alu_4bit_powerground
Running annotate.tcl
found cell FILL pinlist vdd gnd
Done with annotate.tcl
Router script ended on Saturday 22 August 2026 11:24:09 PM IST
