Running yosys for verilog parsing and synthesis
yosys  -s alu_4bit.ys

 /----------------------------------------------------------------------------\
 |                                                                            |
 |  yosys -- Yosys Open SYnthesis Suite                                       |
 |                                                                            |
 |  Copyright (C) 2012 - 2019  Clifford Wolf <clifford@clifford.at>           |
 |                                                                            |
 |  Permission to use, copy, modify, and/or distribute this software for any  |
 |  purpose with or without fee is hereby granted, provided that the above    |
 |  copyright notice and this permission notice appear in all copies.         |
 |                                                                            |
 |  THE SOFTWARE IS PROVIDED "AS IS" AND THE AUTHOR DISCLAIMS ALL WARRANTIES  |
 |  WITH REGARD TO THIS SOFTWARE INCLUDING ALL IMPLIED WARRANTIES OF          |
 |  MERCHANTABILITY AND FITNESS. IN NO EVENT SHALL THE AUTHOR BE LIABLE FOR   |
 |  ANY SPECIAL, DIRECT, INDIRECT, OR CONSEQUENTIAL DAMAGES OR ANY DAMAGES    |
 |  WHATSOEVER RESULTING FROM LOSS OF USE, DATA OR PROFITS, WHETHER IN AN     |
 |  ACTION OF CONTRACT, NEGLIGENCE OR OTHER TORTIOUS ACTION, ARISING OUT OF   |
 |  OR IN CONNECTION WITH THE USE OR PERFORMANCE OF THIS SOFTWARE.            |
 |                                                                            |
 \----------------------------------------------------------------------------/

 Yosys 0.9 (git sha1 1979e0b)


-- Executing script file `alu_4bit.ys' --

1. Executing Liberty frontend.
Imported 39 cell types from liberty file.

2. Executing Verilog-2005 frontend: alu.v
Parsing Verilog input from `alu.v' to AST representation.
Generating RTLIL representation for module `\alu_4bit'.
Successfully finished Verilog frontend.

3. Executing SYNTH pass.

3.1. Executing HIERARCHY pass (managing design hierarchy).

3.1.1. Analyzing design hierarchy..
Top module:  \alu_4bit

3.1.2. Analyzing design hierarchy..
Top module:  \alu_4bit
Removed 0 unused modules.

3.2. Executing PROC pass (convert processes to netlists).

3.2.1. Executing PROC_CLEAN pass (remove empty switches from decision trees).
Cleaned up 0 empty switches.

3.2.2. Executing PROC_RMDEAD pass (remove dead branches from decision trees).
Removed 1 dead cases from process $proc$alu.v:16$1 in module alu_4bit.
Marked 1 switch rules as full_case in process $proc$alu.v:16$1 in module alu_4bit.
Removed a total of 1 dead cases.

3.2.3. Executing PROC_INIT pass (extract init attributes).

3.2.4. Executing PROC_ARST pass (detect async resets in processes).

3.2.5. Executing PROC_MUX pass (convert decision trees to multiplexers).
Creating decoders for process `\alu_4bit.$proc$alu.v:16$1'.
     1/6: $1\Cout[0:0]
     2/6: $1\Y[3:0]
     3/6: $1\temp[4:0]
     4/6: $0\temp[4:0]
     5/6: $0\Cout[0:0]
     6/6: $0\Y[3:0]

3.2.6. Executing PROC_DLATCH pass (convert process syncs to latches).
No latch inferred for signal `\alu_4bit.\Y' from process `\alu_4bit.$proc$alu.v:16$1'.
No latch inferred for signal `\alu_4bit.\Cout' from process `\alu_4bit.$proc$alu.v:16$1'.
No latch inferred for signal `\alu_4bit.\temp' from process `\alu_4bit.$proc$alu.v:16$1'.

3.2.7. Executing PROC_DFF pass (convert process syncs to FFs).

3.2.8. Executing PROC_CLEAN pass (remove empty switches from decision trees).
Found and cleaned up 1 empty switch in `\alu_4bit.$proc$alu.v:16$1'.
Removing empty process `alu_4bit.$proc$alu.v:16$1'.
Cleaned up 1 empty switch.

3.3. Executing OPT_EXPR pass (perform const folding).
Optimizing module alu_4bit.
<suppressed ~4 debug messages>

3.4. Executing OPT_CLEAN pass (remove unused cells and wires).
Finding unused cells or wires in module \alu_4bit..
Removed 9 unused cells and 19 unused wires.
<suppressed ~11 debug messages>

3.5. Executing CHECK pass (checking for obvious problems).
checking module alu_4bit..
found and reported 0 problems.

3.6. Executing OPT pass (performing simple optimizations).

3.6.1. Executing OPT_EXPR pass (perform const folding).
Optimizing module alu_4bit.

3.6.2. Executing OPT_MERGE pass (detect identical cells).
Finding identical cells in module `\alu_4bit'.
<suppressed ~24 debug messages>
Removed a total of 8 cells.

3.6.3. Executing OPT_MUXTREE pass (detect dead branches in mux trees).
Running muxtree optimizer on module \alu_4bit..
  Creating internal representation of mux trees.
  Evaluating internal representation of mux trees.
  Analyzing evaluation results.
Removed 0 multiplexer ports.
<suppressed ~2 debug messages>

3.6.4. Executing OPT_REDUCE pass (consolidate $*mux and $reduce_* inputs).
  Optimizing cells in module \alu_4bit.
    New ctrl vector for $pmux cell $procmux$12: { $procmux$20_CMP $procmux$19_CMP $auto$opt_reduce.cc:132:opt_mux$40 $procmux$14_CMP $procmux$13_CMP }
    New input vector for $reduce_or cell $auto$opt_reduce.cc:126:opt_mux$39: { $procmux$15_CMP $procmux$16_CMP $procmux$17_CMP $procmux$18_CMP }
  Optimizing cells in module \alu_4bit.
Performed a total of 2 changes.

3.6.5. Executing OPT_MERGE pass (detect identical cells).
Finding identical cells in module `\alu_4bit'.
Removed a total of 0 cells.

3.6.6. Executing OPT_RMDFF pass (remove dff with constant values).

3.6.7. Executing OPT_CLEAN pass (remove unused cells and wires).
Finding unused cells or wires in module \alu_4bit..
Removed 0 unused cells and 8 unused wires.
<suppressed ~1 debug messages>

3.6.8. Executing OPT_EXPR pass (perform const folding).
Optimizing module alu_4bit.

3.6.9. Rerunning OPT passes. (Maybe there is more to do..)

3.6.10. Executing OPT_MUXTREE pass (detect dead branches in mux trees).
Running muxtree optimizer on module \alu_4bit..
  Creating internal representation of mux trees.
  Evaluating internal representation of mux trees.
  Analyzing evaluation results.
Removed 0 multiplexer ports.
<suppressed ~2 debug messages>

3.6.11. Executing OPT_REDUCE pass (consolidate $*mux and $reduce_* inputs).
  Optimizing cells in module \alu_4bit.
Performed a total of 0 changes.

3.6.12. Executing OPT_MERGE pass (detect identical cells).
Finding identical cells in module `\alu_4bit'.
Removed a total of 0 cells.

3.6.13. Executing OPT_RMDFF pass (remove dff with constant values).

3.6.14. Executing OPT_CLEAN pass (remove unused cells and wires).
Finding unused cells or wires in module \alu_4bit..

3.6.15. Executing OPT_EXPR pass (perform const folding).
Optimizing module alu_4bit.

3.6.16. Finished OPT passes. (There is nothing left to do.)

3.7. Executing WREDUCE pass (reducing word size of cells).
Removed top 31 bits (of 32) from port B of cell alu_4bit.$add$alu.v:60$9 ($add).
Removed top 27 bits (of 32) from port Y of cell alu_4bit.$add$alu.v:60$9 ($add).
Removed top 31 bits (of 32) from port B of cell alu_4bit.$sub$alu.v:67$10 ($sub).
Removed top 27 bits (of 32) from port Y of cell alu_4bit.$sub$alu.v:67$10 ($sub).
Removed top 1 bits (of 3) from port B of cell alu_4bit.$procmux$17_CMP0 ($eq).
Removed top 1 bits (of 3) from port B of cell alu_4bit.$procmux$18_CMP0 ($eq).
Removed top 2 bits (of 3) from port B of cell alu_4bit.$procmux$19_CMP0 ($eq).
Removed top 27 bits (of 32) from wire alu_4bit.$add$alu.v:60$9_Y.

3.8. Executing PEEPOPT pass (run peephole optimizers).

3.9. Executing OPT_CLEAN pass (remove unused cells and wires).
Finding unused cells or wires in module \alu_4bit..
Removed 0 unused cells and 1 unused wires.
<suppressed ~1 debug messages>

3.10. Executing TECHMAP pass (map to technology primitives).

3.10.1. Executing Verilog-2005 frontend: /usr/bin/../share/yosys/cmp2lut.v
Parsing Verilog input from `/usr/bin/../share/yosys/cmp2lut.v' to AST representation.
Generating RTLIL representation for module `\_90_lut_cmp_'.
Successfully finished Verilog frontend.

3.10.2. Continuing TECHMAP pass.
No more expansions possible.
<suppressed ~116 debug messages>

3.11. Executing ALUMACC pass (create $alu and $macc cells).
Extracting $alu and $macc cells in module alu_4bit:
  creating $macc model for $add$alu.v:26$2 ($add).
  creating $macc model for $add$alu.v:26$3 ($add).
  creating $macc model for $add$alu.v:60$9 ($add).
  creating $macc model for $sub$alu.v:33$4 ($sub).
  creating $macc model for $sub$alu.v:67$10 ($sub).
  merging $macc model for $add$alu.v:26$2 into $add$alu.v:26$3.
  creating $alu model for $macc $sub$alu.v:33$4.
  creating $alu model for $macc $add$alu.v:60$9.
  creating $alu model for $macc $add$alu.v:26$3.
  creating $alu model for $macc $sub$alu.v:67$10.
  creating $alu cell for $sub$alu.v:67$10: $auto$alumacc.cc:474:replace_alu$42
  creating $alu cell for $add$alu.v:60$9: $auto$alumacc.cc:474:replace_alu$45
  creating $alu cell for $add$alu.v:26$3: $auto$alumacc.cc:474:replace_alu$48
  creating $alu cell for $sub$alu.v:33$4: $auto$alumacc.cc:474:replace_alu$51
  created 4 $alu and 0 $macc cells.

3.12. Executing SHARE pass (SAT-based resource sharing).

3.13. Executing OPT pass (performing simple optimizations).

3.13.1. Executing OPT_EXPR pass (perform const folding).
Optimizing module alu_4bit.

3.13.2. Executing OPT_MERGE pass (detect identical cells).
Finding identical cells in module `\alu_4bit'.
Removed a total of 0 cells.

3.13.3. Executing OPT_MUXTREE pass (detect dead branches in mux trees).
Running muxtree optimizer on module \alu_4bit..
  Creating internal representation of mux trees.
  Evaluating internal representation of mux trees.
  Analyzing evaluation results.
Removed 0 multiplexer ports.
<suppressed ~2 debug messages>

3.13.4. Executing OPT_REDUCE pass (consolidate $*mux and $reduce_* inputs).
  Optimizing cells in module \alu_4bit.
Performed a total of 0 changes.

3.13.5. Executing OPT_MERGE pass (detect identical cells).
Finding identical cells in module `\alu_4bit'.
Removed a total of 0 cells.

3.13.6. Executing OPT_RMDFF pass (remove dff with constant values).

3.13.7. Executing OPT_CLEAN pass (remove unused cells and wires).
Finding unused cells or wires in module \alu_4bit..
Removed 1 unused cells and 1 unused wires.
<suppressed ~2 debug messages>

3.13.8. Executing OPT_EXPR pass (perform const folding).
Optimizing module alu_4bit.

3.13.9. Rerunning OPT passes. (Maybe there is more to do..)

3.13.10. Executing OPT_MUXTREE pass (detect dead branches in mux trees).
Running muxtree optimizer on module \alu_4bit..
  Creating internal representation of mux trees.
  Evaluating internal representation of mux trees.
  Analyzing evaluation results.
Removed 0 multiplexer ports.
<suppressed ~2 debug messages>

3.13.11. Executing OPT_REDUCE pass (consolidate $*mux and $reduce_* inputs).
  Optimizing cells in module \alu_4bit.
Performed a total of 0 changes.

3.13.12. Executing OPT_MERGE pass (detect identical cells).
Finding identical cells in module `\alu_4bit'.
Removed a total of 0 cells.

3.13.13. Executing OPT_RMDFF pass (remove dff with constant values).

3.13.14. Executing OPT_CLEAN pass (remove unused cells and wires).
Finding unused cells or wires in module \alu_4bit..

3.13.15. Executing OPT_EXPR pass (perform const folding).
Optimizing module alu_4bit.

3.13.16. Finished OPT passes. (There is nothing left to do.)

3.14. Executing FSM pass (extract and optimize FSM).

3.14.1. Executing FSM_DETECT pass (finding FSMs in design).

3.14.2. Executing FSM_EXTRACT pass (extracting FSM from design).

3.14.3. Executing FSM_OPT pass (simple optimizations of FSMs).

3.14.4. Executing OPT_CLEAN pass (remove unused cells and wires).
Finding unused cells or wires in module \alu_4bit..

3.14.5. Executing FSM_OPT pass (simple optimizations of FSMs).

3.14.6. Executing FSM_RECODE pass (re-assigning FSM state encoding).

3.14.7. Executing FSM_INFO pass (dumping all available information on FSM cells).

3.14.8. Executing FSM_MAP pass (mapping FSMs to basic logic).

3.15. Executing OPT pass (performing simple optimizations).

3.15.1. Executing OPT_EXPR pass (perform const folding).
Optimizing module alu_4bit.

3.15.2. Executing OPT_MERGE pass (detect identical cells).
Finding identical cells in module `\alu_4bit'.
Removed a total of 0 cells.

3.15.3. Executing OPT_RMDFF pass (remove dff with constant values).

3.15.4. Executing OPT_CLEAN pass (remove unused cells and wires).
Finding unused cells or wires in module \alu_4bit..

3.15.5. Finished fast OPT passes.

3.16. Executing MEMORY pass.

3.16.1. Executing MEMORY_DFF pass (merging $dff cells to $memrd and $memwr).

3.16.2. Executing OPT_CLEAN pass (remove unused cells and wires).
Finding unused cells or wires in module \alu_4bit..

3.16.3. Executing MEMORY_SHARE pass (consolidating $memrd/$memwr cells).

3.16.4. Executing OPT_CLEAN pass (remove unused cells and wires).
Finding unused cells or wires in module \alu_4bit..

3.16.5. Executing MEMORY_COLLECT pass (generating $mem cells).

3.17. Executing OPT_CLEAN pass (remove unused cells and wires).
Finding unused cells or wires in module \alu_4bit..

3.18. Executing OPT pass (performing simple optimizations).

3.18.1. Executing OPT_EXPR pass (perform const folding).
Optimizing module alu_4bit.
<suppressed ~2 debug messages>

3.18.2. Executing OPT_MERGE pass (detect identical cells).
Finding identical cells in module `\alu_4bit'.
Removed a total of 0 cells.

3.18.3. Executing OPT_RMDFF pass (remove dff with constant values).

3.18.4. Executing OPT_CLEAN pass (remove unused cells and wires).
Finding unused cells or wires in module \alu_4bit..
Removed 1 unused cells and 1 unused wires.
<suppressed ~2 debug messages>

3.18.5. Finished fast OPT passes.

3.19. Executing MEMORY_MAP pass (converting $mem cells to logic and flip-flops).

3.20. Executing OPT pass (performing simple optimizations).

3.20.1. Executing OPT_EXPR pass (perform const folding).
Optimizing module alu_4bit.

3.20.2. Executing OPT_MERGE pass (detect identical cells).
Finding identical cells in module `\alu_4bit'.
Removed a total of 0 cells.

3.20.3. Executing OPT_MUXTREE pass (detect dead branches in mux trees).
Running muxtree optimizer on module \alu_4bit..
  Creating internal representation of mux trees.
  Evaluating internal representation of mux trees.
  Analyzing evaluation results.
Removed 0 multiplexer ports.
<suppressed ~2 debug messages>

3.20.4. Executing OPT_REDUCE pass (consolidate $*mux and $reduce_* inputs).
  Optimizing cells in module \alu_4bit.
Performed a total of 0 changes.

3.20.5. Executing OPT_MERGE pass (detect identical cells).
Finding identical cells in module `\alu_4bit'.
Removed a total of 0 cells.

3.20.6. Executing OPT_RMDFF pass (remove dff with constant values).

3.20.7. Executing OPT_CLEAN pass (remove unused cells and wires).
Finding unused cells or wires in module \alu_4bit..

3.20.8. Executing OPT_EXPR pass (perform const folding).
Optimizing module alu_4bit.

3.20.9. Finished OPT passes. (There is nothing left to do.)

3.21. Executing TECHMAP pass (map to technology primitives).

3.21.1. Executing Verilog-2005 frontend: <techmap.v>
Parsing Verilog input from `<techmap.v>' to AST representation.
Generating RTLIL representation for module `\_90_simplemap_bool_ops'.
Generating RTLIL representation for module `\_90_simplemap_reduce_ops'.
Generating RTLIL representation for module `\_90_simplemap_logic_ops'.
Generating RTLIL representation for module `\_90_simplemap_compare_ops'.
Generating RTLIL representation for module `\_90_simplemap_various'.
Generating RTLIL representation for module `\_90_simplemap_registers'.
Generating RTLIL representation for module `\_90_shift_ops_shr_shl_sshl_sshr'.
Generating RTLIL representation for module `\_90_shift_shiftx'.
Generating RTLIL representation for module `\_90_fa'.
Generating RTLIL representation for module `\_90_lcu'.
Generating RTLIL representation for module `\_90_alu'.
Generating RTLIL representation for module `\_90_macc'.
Generating RTLIL representation for module `\_90_alumacc'.
Generating RTLIL representation for module `\$__div_mod_u'.
Generating RTLIL representation for module `\$__div_mod'.
Generating RTLIL representation for module `\_90_div'.
Generating RTLIL representation for module `\_90_mod'.
Generating RTLIL representation for module `\_90_pow'.
Generating RTLIL representation for module `\_90_pmux'.
Generating RTLIL representation for module `\_90_lut'.
Successfully finished Verilog frontend.

3.21.2. Continuing TECHMAP pass.
Using extmapper simplemap for cells of type $eq.
Using extmapper simplemap for cells of type $reduce_or.
Using extmapper simplemap for cells of type $and.
Using extmapper simplemap for cells of type $or.
Using extmapper simplemap for cells of type $xor.
Using extmapper simplemap for cells of type $not.
Using extmapper simplemap for cells of type $logic_not.
Using template $paramod\_90_alu\A_SIGNED=0\B_SIGNED=0\A_WIDTH=1\B_WIDTH=4\Y_WIDTH=5 for cells of type $alu.
Using template $paramod\_90_alu\A_SIGNED=0\B_SIGNED=0\A_WIDTH=4\B_WIDTH=4\Y_WIDTH=5 for cells of type $alu.
Using template $paramod\_90_alu\A_SIGNED=0\B_SIGNED=0\A_WIDTH=4\B_WIDTH=1\Y_WIDTH=5 for cells of type $alu.
Using template $paramod\_90_pmux\WIDTH=1\S_WIDTH=4 for cells of type $pmux.
Using template $paramod\_90_pmux\WIDTH=4\S_WIDTH=7 for cells of type $pmux.
Using template $paramod\_90_lcu\WIDTH=5 for cells of type $lcu.
Using extmapper simplemap for cells of type $mux.
Using extmapper simplemap for cells of type $pos.
No more expansions possible.
<suppressed ~288 debug messages>

3.22. Executing OPT pass (performing simple optimizations).

3.22.1. Executing OPT_EXPR pass (perform const folding).
Optimizing module alu_4bit.
<suppressed ~84 debug messages>

3.22.2. Executing OPT_MERGE pass (detect identical cells).
Finding identical cells in module `\alu_4bit'.
<suppressed ~96 debug messages>
Removed a total of 32 cells.

3.22.3. Executing OPT_RMDFF pass (remove dff with constant values).

3.22.4. Executing OPT_CLEAN pass (remove unused cells and wires).
Finding unused cells or wires in module \alu_4bit..
Removed 0 unused cells and 165 unused wires.
<suppressed ~1 debug messages>

3.22.5. Finished fast OPT passes.

3.23. Executing ABC pass (technology mapping using ABC).

3.23.1. Extracting gate netlist of module `\alu_4bit' to `<abc-temp-dir>/input.blif'..
Extracted 178 gates and 191 wires to a netlist network with 12 inputs and 6 outputs.

3.23.1.1. Executing ABC.
Running ABC command: berkeley-abc -s -f <abc-temp-dir>/abc.script 2>&1
ABC: ABC command line: "source <abc-temp-dir>/abc.script".
ABC: 
ABC: + read_blif <abc-temp-dir>/input.blif 
ABC: + read_library <abc-temp-dir>/stdcells.genlib 
ABC: Entered genlib library with 17 gates from file "<abc-temp-dir>/stdcells.genlib".
ABC: + strash 
ABC: + dretime 
ABC: + retime 
ABC: + map 
ABC: + write_blif <abc-temp-dir>/output.blif 

3.23.1.2. Re-integrating ABC results.
ABC RESULTS:               AND cells:        5
ABC RESULTS:            ANDNOT cells:       19
ABC RESULTS:              AOI3 cells:        6
ABC RESULTS:              AOI4 cells:        4
ABC RESULTS:               MUX cells:        5
ABC RESULTS:              NAND cells:        4
ABC RESULTS:               NOR cells:        4
ABC RESULTS:               NOT cells:        6
ABC RESULTS:              OAI3 cells:        7
ABC RESULTS:              OAI4 cells:        7
ABC RESULTS:                OR cells:       24
ABC RESULTS:             ORNOT cells:       10
ABC RESULTS:              XNOR cells:        7
ABC RESULTS:               XOR cells:       11
ABC RESULTS:        internal signals:      173
ABC RESULTS:           input signals:       12
ABC RESULTS:          output signals:        6
Removing temp directory.

3.24. Executing OPT pass (performing simple optimizations).

3.24.1. Executing OPT_EXPR pass (perform const folding).
Optimizing module alu_4bit.

3.24.2. Executing OPT_MERGE pass (detect identical cells).
Finding identical cells in module `\alu_4bit'.
Removed a total of 0 cells.

3.24.3. Executing OPT_RMDFF pass (remove dff with constant values).

3.24.4. Executing OPT_CLEAN pass (remove unused cells and wires).
Finding unused cells or wires in module \alu_4bit..
Removed 0 unused cells and 97 unused wires.
<suppressed ~1 debug messages>

3.24.5. Finished fast OPT passes.

3.25. Executing HIERARCHY pass (managing design hierarchy).

3.25.1. Analyzing design hierarchy..
Top module:  \alu_4bit

3.25.2. Analyzing design hierarchy..
Top module:  \alu_4bit
Removed 0 unused modules.

3.26. Printing statistics.

=== alu_4bit ===

   Number of wires:                120
   Number of wire bits:            131
   Number of public wires:           7
   Number of public wire bits:      18
   Number of memories:               0
   Number of memory bits:            0
   Number of processes:              0
   Number of cells:                119
     $_ANDNOT_                      19
     $_AND_                          5
     $_AOI3_                         6
     $_AOI4_                         4
     $_MUX_                          5
     $_NAND_                         4
     $_NOR_                          4
     $_NOT_                          6
     $_OAI3_                         7
     $_OAI4_                         7
     $_ORNOT_                       10
     $_OR_                          24
     $_XNOR_                         7
     $_XOR_                         11

3.27. Executing CHECK pass (checking for obvious problems).
checking module alu_4bit..
found and reported 0 problems.

4. Executing DFFLIBMAP pass (mapping DFF cells to sequential cells from liberty file).
  cell DFFNEGX1 (noninv, pins=3, area=384.00) is a direct match for cell type $_DFF_N_.
  cell DFFPOSX1 (noninv, pins=3, area=384.00) is a direct match for cell type $_DFF_P_.
  cell DFFSR (noninv, pins=5, area=704.00) is a direct match for cell type $_DFFSR_PNN_.
  create mapping for $_DFFSR_PPN_ from mapping for $_DFFSR_PNN_.
  create mapping for $_DFFSR_PNP_ from mapping for $_DFFSR_PNN_.
  create mapping for $_DFFSR_PPP_ from mapping for $_DFFSR_PNP_.
  create mapping for $_DFFSR_NNN_ from mapping for $_DFFSR_PNN_.
  create mapping for $_DFFSR_NPN_ from mapping for $_DFFSR_NNN_.
  create mapping for $_DFFSR_NNP_ from mapping for $_DFFSR_NNN_.
  create mapping for $_DFFSR_NPP_ from mapping for $_DFFSR_NNP_.
  create mapping for $_DFF_NN0_ from mapping for $_DFFSR_NNN_.
  create mapping for $_DFF_NN1_ from mapping for $_DFFSR_NNN_.
  create mapping for $_DFF_NP0_ from mapping for $_DFFSR_NPP_.
  create mapping for $_DFF_NP1_ from mapping for $_DFFSR_NPP_.
  create mapping for $_DFF_PN0_ from mapping for $_DFFSR_PNN_.
  create mapping for $_DFF_PN1_ from mapping for $_DFFSR_PNN_.
  create mapping for $_DFF_PP0_ from mapping for $_DFFSR_PPP_.
  create mapping for $_DFF_PP1_ from mapping for $_DFFSR_PPP_.
  final dff cell mappings:
    DFFNEGX1 _DFF_N_ (.CLK( C), .D( D), .Q( Q));
    DFFPOSX1 _DFF_P_ (.CLK( C), .D( D), .Q( Q));
    DFFSR _DFF_NN0_ (.CLK(~C), .D( D), .Q( Q), .R( R), .S( 1));
    DFFSR _DFF_NN1_ (.CLK(~C), .D( D), .Q( Q), .R( 1), .S( R));
    DFFSR _DFF_NP0_ (.CLK(~C), .D( D), .Q( Q), .R(~R), .S( 1));
    DFFSR _DFF_NP1_ (.CLK(~C), .D( D), .Q( Q), .R( 1), .S(~R));
    DFFSR _DFF_PN0_ (.CLK( C), .D( D), .Q( Q), .R( R), .S( 1));
    DFFSR _DFF_PN1_ (.CLK( C), .D( D), .Q( Q), .R( 1), .S( R));
    DFFSR _DFF_PP0_ (.CLK( C), .D( D), .Q( Q), .R(~R), .S( 1));
    DFFSR _DFF_PP1_ (.CLK( C), .D( D), .Q( Q), .R( 1), .S(~R));
    DFFSR _DFFSR_NNN_ (.CLK(~C), .D( D), .Q( Q), .R( R), .S( S));
    DFFSR _DFFSR_NNP_ (.CLK(~C), .D( D), .Q( Q), .R(~R), .S( S));
    DFFSR _DFFSR_NPN_ (.CLK(~C), .D( D), .Q( Q), .R( R), .S(~S));
    DFFSR _DFFSR_NPP_ (.CLK(~C), .D( D), .Q( Q), .R(~R), .S(~S));
    DFFSR _DFFSR_PNN_ (.CLK( C), .D( D), .Q( Q), .R( R), .S( S));
    DFFSR _DFFSR_PNP_ (.CLK( C), .D( D), .Q( Q), .R(~R), .S( S));
    DFFSR _DFFSR_PPN_ (.CLK( C), .D( D), .Q( Q), .R( R), .S(~S));
    DFFSR _DFFSR_PPP_ (.CLK( C), .D( D), .Q( Q), .R(~R), .S(~S));
Mapping DFF cells in module `\alu_4bit':

5. Executing OPT pass (performing simple optimizations).

5.1. Executing OPT_EXPR pass (perform const folding).
Optimizing module alu_4bit.

5.2. Executing OPT_MERGE pass (detect identical cells).
Finding identical cells in module `\alu_4bit'.
Removed a total of 0 cells.

5.3. Executing OPT_MUXTREE pass (detect dead branches in mux trees).
Running muxtree optimizer on module \alu_4bit..
  Creating internal representation of mux trees.
  No muxes found in this module.
Removed 0 multiplexer ports.

5.4. Executing OPT_REDUCE pass (consolidate $*mux and $reduce_* inputs).
  Optimizing cells in module \alu_4bit.
Performed a total of 0 changes.

5.5. Executing OPT_MERGE pass (detect identical cells).
Finding identical cells in module `\alu_4bit'.
Removed a total of 0 cells.

5.6. Executing OPT_RMDFF pass (remove dff with constant values).

5.7. Executing OPT_CLEAN pass (remove unused cells and wires).
Finding unused cells or wires in module \alu_4bit..

5.8. Executing OPT_EXPR pass (perform const folding).
Optimizing module alu_4bit.

5.9. Finished OPT passes. (There is nothing left to do.)

6. Executing ABC pass (technology mapping using ABC).

6.1. Extracting gate netlist of module `\alu_4bit' to `<abc-temp-dir>/input.blif'..
Extracted 119 gates and 131 wires to a netlist network with 12 inputs and 6 outputs.

6.1.1. Executing ABC.
Running ABC command: /usr/lib/qflow/bin/yosys-abc -s -f <abc-temp-dir>/abc.script 2>&1
ABC: ABC command line: "source <abc-temp-dir>/abc.script".
ABC: 
ABC: + read_blif <abc-temp-dir>/input.blif 
ABC: + read_lib -w /usr/share/qflow/tech/osu035/osu035_stdcells.lib 
ABC: Parsing finished successfully.  Parsing time =     0.00 sec
ABC: Scl_LibertyReadGenlib() skipped sequential cell "DFFNEGX1".
ABC: Scl_LibertyReadGenlib() skipped sequential cell "DFFPOSX1".
ABC: Scl_LibertyReadGenlib() skipped sequential cell "DFFSR".
ABC: Scl_LibertyReadGenlib() skipped sequential cell "LATCH".
ABC: Scl_LibertyReadGenlib() skipped three-state cell "PADINOUT".
ABC: Scl_LibertyReadGenlib() skipped three-state cell "TBUFX1".
ABC: Scl_LibertyReadGenlib() skipped three-state cell "TBUFX2".
ABC: Scl_LibertyReadGenlib() skipped cell "PADFC" without logic function.
ABC: Scl_LibertyReadGenlib() skipped cell "PADNC" without logic function.
ABC: Scl_LibertyReadGenlib() skipped cell "PADVDD" without logic function.
ABC: Scl_LibertyReadGenlib() skipped cell "PADGND" without logic function.
ABC: Library "osu035_stdcells" from "/usr/share/qflow/tech/osu035/osu035_stdcells.lib" has 28 cells (11 skipped: 4 seq; 3 tri-state; 4 no func; 0 dont_use).  Time =     0.00 sec
ABC: Memory =    0.38 MB. Time =     0.00 sec
ABC: Warning: Detected 2 multi-output gates (for example, "FAX1").
ABC: + strash 
ABC: + scorr 
ABC: Warning: The network is combinational (run "fraig" or "fraig_sweep").
ABC: + ifraig 
ABC: + retime 
ABC: + strash 
ABC: + dch -f 
ABC: + map -M 1 
ABC: + write_blif <abc-temp-dir>/output.blif 

6.1.2. Re-integrating ABC results.
ABC RESULTS:            AND2X2 cells:        3
ABC RESULTS:           AOI21X1 cells:       17
ABC RESULTS:           AOI22X1 cells:        3
ABC RESULTS:             INVX1 cells:       23
ABC RESULTS:           NAND2X1 cells:       21
ABC RESULTS:           NAND3X1 cells:       17
ABC RESULTS:            NOR2X1 cells:       17
ABC RESULTS:            NOR3X1 cells:        1
ABC RESULTS:           OAI21X1 cells:       22
ABC RESULTS:           OAI22X1 cells:        3
ABC RESULTS:             OR2X2 cells:        3
ABC RESULTS:           XNOR2X1 cells:        1
ABC RESULTS:        internal signals:      113
ABC RESULTS:           input signals:       12
ABC RESULTS:          output signals:        6
Removing temp directory.

7. Executing FLATTEN pass (flatten design).
No more expansions possible.

8. Executing SETUNDEF pass (replace undef values with defined constants).
Removed 0 unused cells and 131 unused wires.

9. Executing IOPADMAP pass (mapping inputs/outputs to IO-PAD cells).
Don't map input port alu_4bit.A: Missing option -inpad.
Don't map input port alu_4bit.ALU_Sel: Missing option -inpad.
Don't map input port alu_4bit.B: Missing option -inpad.
Don't map input port alu_4bit.Cin: Missing option -inpad.
Mapping port alu_4bit.Cout using BUFX2.
Mapping port alu_4bit.Y using BUFX2.
Mapping port alu_4bit.Zero using BUFX2.

10. Executing OPT pass (performing simple optimizations).

10.1. Executing OPT_EXPR pass (perform const folding).
Optimizing module alu_4bit.

10.2. Executing OPT_MERGE pass (detect identical cells).
Finding identical cells in module `\alu_4bit'.
Removed a total of 0 cells.

10.3. Executing OPT_MUXTREE pass (detect dead branches in mux trees).
Running muxtree optimizer on module \alu_4bit..
  Creating internal representation of mux trees.
  No muxes found in this module.
Removed 0 multiplexer ports.

10.4. Executing OPT_REDUCE pass (consolidate $*mux and $reduce_* inputs).
  Optimizing cells in module \alu_4bit.
Performed a total of 0 changes.

10.5. Executing OPT_MERGE pass (detect identical cells).
Finding identical cells in module `\alu_4bit'.
Removed a total of 0 cells.

10.6. Executing OPT_RMDFF pass (remove dff with constant values).

10.7. Executing OPT_CLEAN pass (remove unused cells and wires).
Finding unused cells or wires in module \alu_4bit..

10.8. Executing OPT_EXPR pass (perform const folding).
Optimizing module alu_4bit.

10.9. Finished OPT passes. (There is nothing left to do.)

11. Executing BLIF backend.

12. Printing statistics.

=== alu_4bit ===

   Number of wires:                135
   Number of wire bits:            149
   Number of public wires:         135
   Number of public wire bits:     149
   Number of memories:               0
   Number of memory bits:            0
   Number of processes:              0
   Number of cells:                137
     AND2X2                          3
     AOI21X1                        17
     AOI22X1                         3
     BUFX2                           6
     INVX1                          23
     NAND2X1                        21
     NAND3X1                        17
     NOR2X1                         17
     NOR3X1                          1
     OAI21X1                        22
     OAI22X1                         3
     OR2X2                           3
     XNOR2X1                         1

End of script. Logfile hash: 8724f6702c
CPU: user 0.14s system 0.01s, MEM: 18.61 MB total, 12.66 MB resident
Yosys 0.9 (git sha1 1979e0b)
Time spent: 15% 18x opt_clean (0 sec), 14% 1x share (0 sec), ...
Running getpowerground to determine power and ground net names.
getpowerground.tcl  /usr/share/qflow/tech/osu035/osu035_stdcells.lef
Cleaning up output syntax
ypostproc.tcl alu_4bit_mapped.blif alu_4bit /usr/share/qflow/tech/osu035/osu035.sh vdd gnd 
Cleaning up blif file syntax
Running blifFanout (iterative)
Each iteration calls:
blifFanout -l 200 -c 30 -I alu_4bit_nofanout -s nullstring -p /usr/share/qflow/tech/osu035/osu035_stdcells.lib -b BUFX2,CLKBUF1 -i A,A -o Y,Y tmp.blif alu_4bit.blif

blifFanout for qflow 1.3.17
Parsing library "osu035_stdcells"
End of library at line 6636
Lib Read:  Processed 6637 lines.
Top internal fanout is 5 (load 209.711) from node _104_,
driven by NAND2X1 with strength 102.232 (fF driven at latency 200)
Top fanout load-to-strength ratio is 1.24356 (latency = 248.712 ps)
Top input node fanout is 10 (load 236.627) from node A[1].
Warning 1: load of 131.68 is 1.21156 times greater than strongest gate NOR2X1
This warning will only be repeated for larger overload ratios.  Warning count reflects
the total number of overloaded nets.
Warning 4: load of 123.648 is 1.22007 times greater than strongest gate NAND3X1
Warning 5: load of 137.132 is 1.34138 times greater than strongest gate NAND2X1
11 gates exceed specified minimum load.
0 buffers were added.
1 gates were changed.

Gate counts by drive strength:

	"1" gates	In: 125    	Out: 124    	-1
	"2" gates	In: 12    	Out: 13    	+1

Number of gates changed: 1
gates resized: 1
blifFanout for qflow 1.3.17
Parsing library "osu035_stdcells"
End of library at line 6636
Lib Read:  Processed 6637 lines.
Top internal fanout is 5 (load 209.711) from node _104_,
driven by NAND2X1 with strength 102.232 (fF driven at latency 200)
Top fanout load-to-strength ratio is 1.24356 (latency = 248.712 ps)
Top input node fanout is 10 (load 236.627) from node A[1].
Warning 1: load of 131.68 is 1.21156 times greater than strongest gate NOR2X1
This warning will only be repeated for larger overload ratios.  Warning count reflects
the total number of overloaded nets.
Warning 4: load of 123.648 is 1.22007 times greater than strongest gate NAND3X1
Warning 5: load of 137.132 is 1.34138 times greater than strongest gate NAND2X1
11 gates exceed specified minimum load.
0 buffers were added.
0 gates were changed.

Gate counts by drive strength:

	"1" gates	In: 124    	Out: 124    	+0
	"2" gates	In: 13    	Out: 13    	+0

Number of gates changed: 0
gates resized: 0

Generating RTL verilog and SPICE netlist file in directory
	 .
Files:
   Verilog: ./alu_4bit.rtl.v
   Verilog: ./alu_4bit.rtlnopwr.v
   Verilog: ./alu_4bit.rtlbb.v
   Spice:   ./alu_4bit.spc

Running blif2Verilog.
Running blif2BSpice.
Running spi2xspice.py
spi2xspice.py "/usr/share/qflow/tech/osu035/osu035_stdcells.lib" alu_4bit.spc alu_4bit.xspice

Synthesis script ended on Saturday 22 August 2026 10:53:59 PM IST
